Dec 10 09:12:21 LabSZ sshd[24481]: Failed password for invalid user admin from 103.99.0.122 port 50011 ssh2
Dec 10 09:12:00 LabSZ sshd[24467]: Failed password for invalid user test from 103.99.0.122 port 60250 ssh2
Dec 10 09:19:51 LabSZ sshd[24669]: Failed password for invalid user ingrid from 187.141.143.180 port 58682 ssh2
Dec 10 09:12:32 LabSZ sshd[24490]: Failed password for invalid user ftpuser from 103.99.0.122 port 62891 ssh2
Dec 10 09:10:19 LabSZ sshd[24421]: Failed password for invalid user admin from 185.190.58.151 port 41650 ssh2
Dec 10 09:16:50 LabSZ sshd[24595]: Failed password for invalid user eoor from 187.141.143.180 port 45825 ssh2
Dec 10 09:11:55 LabSZ sshd[24462]: Failed password for invalid user admin from 103.99.0.122 port 54739 ssh2
Dec 10 09:11:34 LabSZ sshd[24437]: Failed password for invalid user admin from 185.190.58.151 port 44155 ssh2
Dec 10 09:19:17 LabSZ sshd[24657]: Failed password for invalid user bssh from 187.141.143.180 port 49412 ssh2
Dec 10 08:25:08 LabSZ sshd[24369]: Failed password for invalid user admin from 5.188.10.180 port 60682 ssh2
Dec 10 08:25:35 LabSZ sshd[24371]: Failed password for invalid user admin from 5.188.10.180 port 59647 ssh2
Dec 10 09:12:37 LabSZ sshd[24494]: Failed password for invalid user PlcmSpIp from 103.99.0.122 port 51966 ssh2
Dec 10 09:17:18 LabSZ sshd[24608]: Failed password for invalid user oracle from 187.141.143.180 port 52276 ssh2
Dec 10 11:03:39 LabSZ sshd[25448]: Failed password for invalid user admin from 103.99.0.122 port 60150 ssh2
Dec 10 07:56:02 LabSZ sshd[24331]: Failed password for invalid user test from 52.80.34.196 port 36060 ssh2
Dec 10 07:28:05 LabSZ sshd[24245]: Failed password for invalid user pgadmin from 112.95.230.3 port 54087 ssh2
Dec 10 10:55:43 LabSZ sshd[24951]: Failed password for invalid user test from 183.62.140.253 port 47409 ssh2
Dec 10 10:14:08 LabSZ sshd[24833]: Failed password for invalid user admin from 119.4.203.64 port 2191 ssh2
Dec 10 09:12:10 LabSZ sshd[24455]: Failed password for invalid user admin from 185.190.58.151 port 49948 ssh2
Dec 10 09:11:28 LabSZ sshd[24443]: Failed password for invalid user user from 103.99.0.122 port 62581 ssh2
Dec 10 06:55:48 LabSZ sshd[24200]: Failed password for invalid user webmaster from 173.234.31.186 port 38926 ssh2
Dec 10 09:12:08 LabSZ sshd[24473]: Failed password for invalid user operator from 103.99.0.122 port 53492 ssh2
Dec 10 08:25:15 LabSZ sshd[24369]: Failed password for invalid user admin from 5.188.10.180 port 60682 ssh2
Dec 10 08:25:38 LabSZ sshd[24371]: Failed password for invalid user admin from 5.188.10.180 port 59647 ssh2
Dec 10 09:32:42 LabSZ sshd[24787]: Failed password for invalid user matlab from 52.80.34.196 port 36060 ssh2
Dec 10 08:25:32 LabSZ sshd[24371]: Failed password for invalid user admin from 5.188.10.180 port 59647 ssh2
Dec 10 10:55:45 LabSZ sshd[24953]: Failed password for invalid user oracle from 183.62.140.253 port 47782 ssh2
Dec 10 08:25:18 LabSZ sshd[24369]: Failed password for invalid user admin from 5.188.10.180 port 60682 ssh2
Dec 10 09:12:06 LabSZ sshd[24471]: Failed password for invalid user user from 103.99.0.122 port 49813 ssh2
Dec 10 07:11:44 LabSZ sshd[24224]: Failed password for invalid user chen from 202.100.179.208 port 32484 ssh2
Dec 10 09:18:48 LabSZ sshd[24647]: Failed password for invalid user oracle from 187.141.143.180 port 42342 ssh2
Dec 10 09:19:39 LabSZ sshd[24665]: Failed password for invalid user magnos from 187.141.143.180 port 55517 ssh2
Dec 10 10:55:10 LabSZ sshd[24914]: Failed password for invalid user cheng from 202.100.179.208 port 32891 ssh2
Dec 10 09:12:12 LabSZ sshd[24475]: Failed password for invalid user admin from 103.99.0.122 port 56901 ssh2
Dec 10 09:18:42 LabSZ sshd[24645]: Failed password for invalid user oralce from 187.141.143.180 port 40988 ssh2
Dec 10 11:04:27 LabSZ sshd[25513]: Failed password for invalid user admin from 103.99.0.122 port 50289 ssh2
Dec 10 08:26:00 LabSZ sshd[24375]: Failed password for invalid user default from 5.188.10.180 port 41538 ssh2
Dec 10 10:14:06 LabSZ sshd[24833]: Failed password for invalid user admin from 119.4.203.64 port 2191 ssh2
Dec 10 11:04:40 LabSZ sshd[25534]: Failed password for invalid user guest from 103.99.0.122 port 52172 ssh2
Dec 10 09:10:11 LabSZ sshd[24421]: Failed password for invalid user admin from 185.190.58.151 port 41650 ssh2
Dec 10 09:11:47 LabSZ sshd[24456]: Failed password for invalid user ubnt from 103.99.0.122 port 60608 ssh2
Dec 10 11:04:14 LabSZ sshd[25492]: Failed password for invalid user ubnt from 103.99.0.122 port 64908 ssh2
Dec 10 08:25:41 LabSZ sshd[24371]: Failed password for invalid user admin from 5.188.10.180 port 59647 ssh2
Dec 10 09:12:03 LabSZ sshd[24469]: Failed password for invalid user guest from 103.99.0.122 port 63270 ssh2
Dec 10 09:12:44 LabSZ sshd[24501]: Failed password for invalid user ftpuser from 103.99.0.122 port 60836 ssh2
Dec 10 08:25:11 LabSZ sshd[24369]: Failed password for invalid user admin from 5.188.10.180 port 60682 ssh2
Dec 10 10:32:30 LabSZ sshd[24844]: Failed password for invalid user inspur from 183.136.162.51 port 26396 ssh2
Dec 10 11:03:43 LabSZ sshd[25455]: Failed password for invalid user support from 103.99.0.122 port 60735 ssh2
Dec 10 11:04:04 LabSZ sshd[25478]: Failed password for invalid user anonymous from 103.99.0.122 port 63514 ssh2
Dec 10 09:18:35 LabSZ sshd[24641]: Failed password for invalid user deploy from 187.141.143.180 port 39710 ssh2
Dec 10 09:12:59 LabSZ sshd[24487]: Failed password for invalid user api from 185.190.58.151 port 36894 ssh2
Dec 10 08:44:27 LabSZ sshd[24410]: Failed password for invalid user matlab from 52.80.34.196 port 46199 ssh2
Dec 10 09:08:40 LabSZ sshd[24419]: Failed password for invalid user admin from 185.190.58.151 port 49673 ssh2
Dec 10 09:12:18 LabSZ sshd[24479]: Failed password for invalid user admin from 103.99.0.122 port 63168 ssh2
Dec 10 09:17:33 LabSZ sshd[24614]: Failed password for invalid user nagios from 187.141.143.180 port 55761 ssh2
Dec 10 09:17:54 LabSZ sshd[24622]: Failed password for invalid user vnc from 187.141.143.180 port 60547 ssh2
Dec 10 07:08:30 LabSZ sshd[24208]: Failed password for invalid user webmaster from 173.234.31.186 port 39257 ssh2
Dec 10 09:18:06 LabSZ sshd[24626]: Failed password for invalid user ghost from 187.141.143.180 port 34759 ssh2
Dec 10 08:25:21 LabSZ sshd[24369]: Failed password for invalid user admin from 5.188.10.180 port 60682 ssh2
Dec 10 09:17:38 LabSZ sshd[24616]: Failed password for invalid user www from 187.141.143.180 port 56816 ssh2
Dec 10 09:11:11 LabSZ sshd[24437]: Failed password for invalid user admin from 185.190.58.151 port 44155 ssh2
Dec 10 10:55:47 LabSZ sshd[24955]: Failed password for invalid user ubuntu from 183.62.140.253 port 48168 ssh2
Dec 10 08:24:58 LabSZ sshd[24367]: Failed none for invalid user admin from 5.188.10.180 port 52631 ssh2
Dec 10 09:09:42 LabSZ sshd[24421]: Failed password for invalid user admin from 185.190.58.151 port 41650 ssh2
Dec 10 09:09:56 LabSZ sshd[24421]: Failed password for invalid user admin from 185.190.58.151 port 41650 ssh2
Dec 10 09:18:30 LabSZ sshd[24637]: Failed password for invalid user support from 103.207.39.16 port 33310 ssh2
Dec 10 09:08:47 LabSZ sshd[24419]: Failed password for invalid user admin from 185.190.58.151 port 49673 ssh2
Dec 10 10:14:01 LabSZ sshd[24833]: Failed password for invalid user admin from 119.4.203.64 port 2191 ssh2
Dec 10 09:11:25 LabSZ sshd[24441]: Failed password for invalid user support from 103.99.0.122 port 57317 ssh2
Dec 10 08:25:28 LabSZ sshd[24371]: Failed password for invalid user admin from 5.188.10.180 port 59647 ssh2
Dec 10 09:18:24 LabSZ sshd[24632]: Failed password for invalid user test from 187.141.143.180 port 37598 ssh2
Dec 10 09:20:02 LabSZ sshd[24673]: Failed password for invalid user cyrus from 187.141.143.180 port 33574 ssh2
Dec 10 11:04:36 LabSZ sshd[25527]: Failed password for invalid user test from 103.99.0.122 port 51592 ssh2
Dec 10 07:28:28 LabSZ sshd[24265]: Failed password for invalid user utsims from 112.95.230.3 port 41506 ssh2
Dec 10 09:11:57 LabSZ sshd[24464]: Failed password for invalid user cisco from 103.99.0.122 port 58309 ssh2
Dec 10 09:18:30 LabSZ sshd[24634]: Failed password for invalid user deploy from 187.141.143.180 port 38606 ssh2
Dec 10 09:18:35 LabSZ sshd[24643]: Failed password for invalid user admin from 103.207.39.16 port 46723 ssh2
Dec 10 07:42:51 LabSZ sshd[24318]: Failed password for invalid user inspur from 183.136.162.51 port 55204 ssh2
Dec 10 11:04:10 LabSZ sshd[25484]: Failed password for invalid user admin from 103.99.0.122 port 64031 ssh2
Dec 10 11:04:32 LabSZ sshd[25521]: Failed password for invalid user cisco from 103.99.0.122 port 50890 ssh2
Dec 10 09:08:54 LabSZ sshd[24419]: Failed password for invalid user admin from 185.190.58.151 port 49673 ssh2
Dec 10 09:12:35 LabSZ sshd[24492]: Failed password for invalid user pi from 103.99.0.122 port 49289 ssh2
Dec 10 11:00:59 LabSZ sshd[25283]: Failed password for invalid user sandeep from 88.147.143.242 port 49316 ssh2
Dec 10 09:12:40 LabSZ sshd[24497]: Failed password for invalid user Management from 103.99.0.122 port 55028 ssh2
Dec 10 09:17:07 LabSZ sshd[24604]: Failed password for invalid user redhat from 187.141.143.180 port 49479 ssh2
Dec 10 11:03:48 LabSZ sshd[25459]: Failed password for invalid user user from 103.99.0.122 port 61269 ssh2
Dec 10 09:11:18 LabSZ sshd[24437]: Failed password for invalid user admin from 185.190.58.151 port 44155 ssh2
Dec 10 08:33:26 LabSZ sshd[24385]: Failed password for invalid user support from 103.207.39.212 port 52644 ssh2
Dec 10 09:17:23 LabSZ sshd[24610]: Failed password for invalid user oracle from 187.141.143.180 port 53550 ssh2
Dec 10 09:11:40 LabSZ sshd[24451]: Failed password for invalid user anonymous from 103.99.0.122 port 54051 ssh2
Dec 10 08:08:43 LabSZ sshd[24338]: Failed password for invalid user inspur from 175.102.13.6 port 47130 ssh2
Dec 10 10:54:29 LabSZ sshd[24868]: Failed password for invalid user zhangyan from 183.62.140.253 port 33521 ssh2
Dec 10 09:12:30 LabSZ sshd[24488]: Failed password for invalid user monitor from 103.99.0.122 port 59812 ssh2
Dec 10 09:12:21 LabSZ sshd[24455]: Failed password for invalid user admin from 185.190.58.151 port 49948 ssh2
Dec 10 08:26:03 LabSZ sshd[24375]: Failed password for invalid user default from 5.188.10.180 port 41538 ssh2
Dec 10 09:11:03 LabSZ sshd[24437]: Failed password for invalid user admin from 185.190.58.151 port 44155 ssh2
Dec 10 09:17:12 LabSZ sshd[24606]: Failed password for invalid user oracle from 187.141.143.180 port 51169 ssh2
Dec 10 09:19:45 LabSZ sshd[24667]: Failed password for invalid user magnos from 187.141.143.180 port 57031 ssh2
Dec 10 09:17:00 LabSZ sshd[24599]: Failed password for invalid user butter from 187.141.143.180 port 48369 ssh2
Dec 10 09:31:24 LabSZ sshd[24676]: Failed password for invalid user FILTER from 104.192.3.34 port 33738 ssh2
Dec 10 08:33:31 LabSZ sshd[24389]: Failed password for invalid user admin from 103.207.39.212 port 58447 ssh2
Dec 10 07:51:15 LabSZ sshd[24324]: Failed password for invalid user support from 195.154.37.122 port 56539 ssh2
Dec 10 09:11:26 LabSZ sshd[24437]: Failed password for invalid user admin from 185.190.58.151 port 44155 ssh2
Dec 10 07:56:15 LabSZ sshd[24334]: Failed password for invalid user support from 103.207.39.165 port 58158 ssh2
Dec 10 08:26:24 LabSZ sshd[24379]: Failed password for invalid user guest from 5.188.10.180 port 47337 ssh2
Dec 10 10:14:10 LabSZ sshd[24833]: Failed password for invalid user admin from 119.4.203.64 port 2191 ssh2
Dec 10 09:17:28 LabSZ sshd[24612]: Failed password for invalid user postgres from 187.141.143.180 port 54596 ssh2
Dec 10 11:04:45 LabSZ sshd[25539]: Failed password for invalid user user from 103.99.0.122 port 52683 ssh2
Dec 10 09:18:12 LabSZ sshd[24628]: Failed password for invalid user ubuntu from 187.141.143.180 port 35697 ssh2
Dec 10 10:14:13 LabSZ sshd[24833]: Failed password for invalid user admin from 119.4.203.64 port 2191 ssh2
Dec 10 08:25:50 LabSZ sshd[24373]: Failed password for invalid user admin from 5.188.10.180 port 56345 ssh2
Dec 10 10:14:04 LabSZ sshd[24833]: Failed password for invalid user admin from 119.4.203.64 port 2191 ssh2
Dec 10 09:12:24 LabSZ sshd[24483]: Failed password for invalid user admin from 103.99.0.122 port 53531 ssh2
Dec 10 10:55:51 LabSZ sshd[24959]: Failed password for invalid user boot from 183.62.140.253 port 48976 ssh2
Dec 10 09:11:44 LabSZ sshd[24453]: Failed password for invalid user admin from 103.99.0.122 port 57750 ssh2
Dec 10 09:10:06 LabSZ sshd[24421]: Failed password for invalid user admin from 185.190.58.151 port 41650 ssh2
Dec 10 09:11:21 LabSZ sshd[24439]: Failed password for invalid user admin from 103.99.0.122 port 55177 ssh2
Dec 10 09:17:48 LabSZ sshd[24620]: Failed password for invalid user ted from 187.141.143.180 port 59333 ssh2
Dec 10 10:55:41 LabSZ sshd[24949]: Failed password for invalid user oracle from 183.62.140.253 port 47098 ssh2
Dec 10 10:21:09 LabSZ sshd[24841]: Failed password for invalid user matlab from 52.80.34.196 port 36060 ssh2
Dec 10 09:19:57 LabSZ sshd[24671]: Failed password for invalid user jay from 187.141.143.180 port 60259 ssh2